#-----------------------------------------------------------
# Vivado v2015.2 (64-bit)
# SW Build 1266856 on Fri Jun 26 16:35:25 MDT 2015
# IP Build 1264090 on Wed Jun 24 14:22:01 MDT 2015
# Start of session at: Mon Dec 18 05:32:28 2017
# Process ID: 25140
# Log file: C:/Users/vamsi/Desktop/MAJOR_PROJECT/Major_Project_Files/project_1/vivado.log
# Journal file: C:/Users/vamsi/Desktop/MAJOR_PROJECT/Major_Project_Files/project_1\vivado.jou
#-----------------------------------------------------------
start_gui
open_project C:/Users/vamsi/Desktop/MAJOR_PROJECT/Major_Project_Files/project_1/project_1.xpr
update_compile_order -fileset sources_1
update_compile_order -fileset sources_1
update_compile_order -fileset sim_1
update_compile_order -fileset sources_1
update_compile_order -fileset sources_1
update_compile_order -fileset sim_1
update_compile_order -fileset sources_1
update_compile_order -fileset sources_1
update_compile_order -fileset sim_1
update_compile_order -fileset sources_1
update_compile_order -fileset sources_1
update_compile_order -fileset sim_1
