Copyright 1986-2015 Xilinx, Inc. All Rights Reserved.
-------------------------------------------------------------------------------------------------
| Tool Version : Vivado v.2015.2 (win64) Build 1266856 Fri Jun 26 16:35:25 MDT 2015
| Date         : Sat Feb 24 23:49:39 2018
| Host         : G-TIRUPATHI running 64-bit major release  (build 9200)
| Command      : report_control_sets -verbose -file Interrupt_Controller_control_sets_placed.rpt
| Design       : Interrupt_Controller
| Device       : xc7a100t
-------------------------------------------------------------------------------------------------

Control Set Information

Table of Contents
-----------------
1. Summary
2. Flip-Flop Distribution
3. Detailed Control Set Information

1. Summary
----------

+-------------------------------------------------------------------+-------+
|                               Status                              | Count |
+-------------------------------------------------------------------+-------+
| Number of unique control sets                                     |   510 |
| Minimum Number of register sites lost to control set restrictions |  1827 |
+-------------------------------------------------------------------+-------+


2. Flip-Flop Distribution
-------------------------

+--------------+-----------------------+------------------------+-----------------+--------------+
| Clock Enable | Synchronous Set/Reset | Asynchronous Set/Reset | Total Registers | Total Slices |
+--------------+-----------------------+------------------------+-----------------+--------------+
| No           | No                    | No                     |             176 |          103 |
| No           | No                    | Yes                    |             347 |          249 |
| No           | Yes                   | No                     |               0 |            0 |
| Yes          | No                    | No                     |            1169 |          608 |
| Yes          | No                    | Yes                    |            1756 |         1063 |
| Yes          | Yes                   | No                     |            1149 |          503 |
+--------------+-----------------------+------------------------+-----------------+--------------+


3. Detailed Control Set Information
-----------------------------------

+-------------------+---------------------------+-----------------------------------------------------------+------------------+----------------+
|    Clock Signal   |       Enable Signal       |                      Set/Reset Signal                     | Slice Load Count | Bel Load Count |
+-------------------+---------------------------+-----------------------------------------------------------+------------------+----------------+
|  clk_in_IBUF_BUFG | ICDIPTR[2][2][31]_i_1_n_0 | ICDIPTR[2][2][7]_i_1_n_0                                  |                1 |              1 |
|  clk_in_IBUF_BUFG | ICDIPTR[2][2][31]_i_1_n_0 | ICDIPTR[3][2][28]_i_2_n_0                                 |                1 |              1 |
|  clk_in_IBUF_BUFG | ICDIPTR[2][3][31]_i_1_n_0 | ICDIPTR[2][2][7]_i_1_n_0                                  |                1 |              1 |
|  clk_in_IBUF_BUFG | ICDIPTR[2][3][31]_i_1_n_0 | ICDIPTR[3][2][28]_i_2_n_0                                 |                1 |              1 |
|  clk_in_IBUF_BUFG | ICDICFR[2][0][30]_i_1_n_0 | ICDIPTR[3][2][29]_i_2_n_0                                 |                1 |              1 |
|  clk_in_IBUF_BUFG | ICDIPTR[2][3][31]_i_1_n_0 | ICDIPTR[3][2][30]_i_3_n_0                                 |                1 |              1 |
|  clk_in_IBUF_BUFG | ICDIPTR[2][4][31]_i_1_n_0 | ICDIPTR[2][2][7]_i_1_n_0                                  |                1 |              1 |
|  clk_in_IBUF_BUFG | ICDIPR_S[8][27]_i_1_n_0   | ICDIPTR[3][3][14]_i_2_n_0                                 |                1 |              1 |
|  clk_in_IBUF_BUFG | ICDIPTR[2][4][31]_i_1_n_0 | ICDIPTR[3][0][14]_i_2_n_0                                 |                1 |              1 |
|  clk_in_IBUF_BUFG | ICDICFR[2][1][30]_i_1_n_0 | ICDIPTR[3][2][29]_i_2_n_0                                 |                1 |              1 |
|  clk_in_IBUF_BUFG | ICDIPTR[2][4][31]_i_1_n_0 | ICDIPTR[3][2][28]_i_2_n_0                                 |                1 |              1 |
|  clk_in_IBUF_BUFG | ICDIPTR[2][5][31]_i_1_n_0 | ICDIPTR[2][5][31]_i_2_n_0                                 |                1 |              1 |
|  clk_in_IBUF_BUFG | ICDIPTR[2][5][31]_i_1_n_0 | ICDIPTR[3][2][29]_i_2_n_0                                 |                1 |              1 |
|  clk_in_IBUF_BUFG | ICDIPTR[2][6][31]_i_1_n_0 | ICDIPTR[3][2][29]_i_2_n_0                                 |                1 |              1 |
|  clk_in_IBUF_BUFG | ICDIPTR[2][7][31]_i_1_n_0 | ICDIPTR[3][2][29]_i_2_n_0                                 |                1 |              1 |
|  clk_in_IBUF_BUFG | ICDICFR[3][0][30]_i_1_n_0 | ICDIPTR[3][2][29]_i_2_n_0                                 |                1 |              1 |
|  clk_in_IBUF_BUFG | ICDIPTR[3][0][30]_i_1_n_0 | ICDIPTR[3][2][28]_i_2_n_0                                 |                1 |              1 |
|  clk_in_IBUF_BUFG | ICDIPTR[0][0][31]_i_1_n_0 | ICDIPTR[2][2][7]_i_1_n_0                                  |                1 |              1 |
|  clk_in_IBUF_BUFG | ICDIPTR[3][0][30]_i_1_n_0 | ICDIPTR[3][2][29]_i_2_n_0                                 |                1 |              1 |
|  clk_in_IBUF_BUFG | ICDIPTR[3][1][30]_i_1_n_0 | ICDIPR[2][4][28]_i_3_n_0                                  |                1 |              1 |
|  clk_in_IBUF_BUFG | ICDIPTR[0][0][31]_i_1_n_0 | ICDIPTR[3][2][29]_i_2_n_0                                 |                1 |              1 |
|  clk_in_IBUF_BUFG | ICDICFR[3][1][30]_i_1_n_0 | ICDIPTR[3][2][29]_i_2_n_0                                 |                1 |              1 |
|  clk_in_IBUF_BUFG | ICDIPTR[3][1][30]_i_1_n_0 | ICDIPTR[3][2][28]_i_2_n_0                                 |                1 |              1 |
|  clk_in_IBUF_BUFG | ICDIPTR[3][2][30]_i_1_n_0 | ICDIPTR[3][2][28]_i_2_n_0                                 |                1 |              1 |
|  clk_in_IBUF_BUFG | ICDIPTR[3][3][30]_i_1_n_0 | ICDIPTR[3][2][28]_i_2_n_0                                 |                1 |              1 |
|  clk_in_IBUF_BUFG | ICDIPTR[3][3][30]_i_1_n_0 | ICDIPTR[3][2][30]_i_3_n_0                                 |                1 |              1 |
|  clk_in_IBUF_BUFG | ICDICFR_S[0][30]_i_1_n_0  | ICDIPTR[3][2][29]_i_2_n_0                                 |                1 |              1 |
|  clk_in_IBUF_BUFG | ICDIPR[2][5][29]_i_1_n_0  | ICDIPR[2][5][2]_i_2_n_0                                   |                1 |              1 |
|  clk_in_IBUF_BUFG | ICDIPTR[0][1][31]_i_1_n_0 | ICDIPR[2][4][28]_i_3_n_0                                  |                1 |              1 |
|  clk_in_IBUF_BUFG | ICDIPTR[3][4][30]_i_1_n_0 | ICDIPTR[3][0][14]_i_2_n_0                                 |                1 |              1 |
|  clk_in_IBUF_BUFG | ICCPMR[0][31]_i_1_n_0     | ICDIPTR[3][2][9]_i_2_n_0                                  |                1 |              1 |
|  clk_in_IBUF_BUFG | ICDIPTR[0][1][31]_i_1_n_0 | ICDIPTR[2][2][7]_i_1_n_0                                  |                1 |              1 |
|  clk_in_IBUF_BUFG | ICDICFR_S[1][30]_i_1_n_0  | ICDIPTR[3][2][29]_i_2_n_0                                 |                1 |              1 |
|  clk_in_IBUF_BUFG | ICDIPTR[3][5][30]_i_1_n_0 | ICDIPTR[3][2][29]_i_2_n_0                                 |                1 |              1 |
|  clk_in_IBUF_BUFG | ICDIPTR[3][6][30]_i_1_n_0 | ICDIPTR[3][2][29]_i_2_n_0                                 |                1 |              1 |
|  clk_in_IBUF_BUFG | ICDIPTR[3][7][30]_i_1_n_0 | ICDIPTR[3][2][29]_i_2_n_0                                 |                1 |              1 |
|  clk_in_IBUF_BUFG | ICDIPTR_S[13][31]_i_1_n_0 | ICDIPTR[3][2][9]_i_2_n_0                                  |                1 |              1 |
|  clk_in_IBUF_BUFG | ICCPMR[1][31]_i_1_n_0     | ICDIPTR[3][2][9]_i_2_n_0                                  |                1 |              1 |
|  clk_in_IBUF_BUFG | ICDIPTR_S[14][31]_i_1_n_0 | ICDIPTR[3][2][9]_i_2_n_0                                  |                1 |              1 |
|  clk_in_IBUF_BUFG | ICDIPTR_S[15][31]_i_1_n_0 | ICDIPTR[3][2][9]_i_2_n_0                                  |                1 |              1 |
|  clk_in_IBUF_BUFG | ICDIPTR[3][4][30]_i_1_n_0 | ICDIPTR[3][2][28]_i_2_n_0                                 |                1 |              1 |
|  clk_in_IBUF_BUFG | ICDIPTR[0][3][31]_i_1_n_0 | ICDIPTR[2][2][7]_i_1_n_0                                  |                1 |              1 |
|  clk_in_IBUF_BUFG | ICDIPTR[0][3][31]_i_1_n_0 | ICDIPTR[3][2][30]_i_3_n_0                                 |                1 |              1 |
|  clk_in_IBUF_BUFG | ICDIPR[3][2][31]_i_1_n_0  | ICDIPR[2][5][2]_i_2_n_0                                   |                1 |              1 |
|  clk_in_IBUF_BUFG | ICCPMR[2][31]_i_1_n_0     | ICDIPTR[3][2][9]_i_2_n_0                                  |                1 |              1 |
|  clk_in_IBUF_BUFG | ICDIPTR[0][4][31]_i_1_n_0 | ICDIPTR[2][2][7]_i_1_n_0                                  |                1 |              1 |
|  clk_in_IBUF_BUFG | ICDIPTR[0][4][31]_i_1_n_0 | ICDIPTR[3][0][14]_i_2_n_0                                 |                1 |              1 |
|  clk_in_IBUF_BUFG | ICDIPTR[0][5][31]_i_1_n_0 | ICDIPTR[2][5][31]_i_2_n_0                                 |                1 |              1 |
|  clk_in_IBUF_BUFG | ICDIPTR[0][7][31]_i_1_n_0 | ICDIPTR[2][5][30]_i_1_n_0                                 |                1 |              1 |
|  clk_in_IBUF_BUFG | ICDIPTR[1][0][31]_i_1_n_0 | ICDIPTR[2][2][7]_i_1_n_0                                  |                1 |              1 |
|  clk_in_IBUF_BUFG | ICCPMR[3][31]_i_1_n_0     | ICDIPTR[3][2][9]_i_2_n_0                                  |                1 |              1 |
|  clk_in_IBUF_BUFG | ICDIPTR[1][0][31]_i_1_n_0 | ICDIPTR[3][2][28]_i_2_n_0                                 |                1 |              1 |
|  clk_in_IBUF_BUFG | ICDIPTR[1][1][31]_i_1_n_0 | ICDIPR[2][4][28]_i_3_n_0                                  |                1 |              1 |
|  clk_in_IBUF_BUFG | ICDIPR[0][4][28]_i_1_n_0  | ICDIPR[2][4][28]_i_3_n_0                                  |                1 |              1 |
|  clk_in_IBUF_BUFG | ICDIPTR[1][1][31]_i_1_n_0 | ICDIPTR[2][2][7]_i_1_n_0                                  |                1 |              1 |
|  clk_in_IBUF_BUFG | ICDIPTR[1][1][31]_i_1_n_0 | ICDIPTR[3][2][28]_i_2_n_0                                 |                1 |              1 |
|  clk_in_IBUF_BUFG | ICDIPTR[1][1][31]_i_1_n_0 | ICDIPTR[3][2][9]_i_2_n_0                                  |                1 |              1 |
|  clk_in_IBUF_BUFG | ICDIPTR[1][2][31]_i_1_n_0 | ICDIPTR[2][2][7]_i_1_n_0                                  |                1 |              1 |
|  clk_in_IBUF_BUFG | ICDIPTR[1][2][31]_i_1_n_0 | ICDIPTR[3][2][28]_i_2_n_0                                 |                1 |              1 |
|  clk_in_IBUF_BUFG | ICDIPTR[1][2][31]_i_1_n_0 | ICDIPTR[3][2][9]_i_2_n_0                                  |                1 |              1 |
|  clk_in_IBUF_BUFG | ICDIPTR[1][3][31]_i_1_n_0 | ICDIPTR[2][2][7]_i_1_n_0                                  |                1 |              1 |
|  clk_in_IBUF_BUFG | ICDIPTR[1][3][31]_i_1_n_0 | ICDIPTR[3][2][28]_i_2_n_0                                 |                1 |              1 |
|  clk_in_IBUF_BUFG | ICDIPTR[1][3][31]_i_1_n_0 | ICDIPTR[3][2][30]_i_3_n_0                                 |                1 |              1 |
|  clk_in_IBUF_BUFG | ICDIPTR[0][2][31]_i_1_n_0 | ICDIPTR[2][2][7]_i_1_n_0                                  |                1 |              1 |
|  clk_in_IBUF_BUFG | ICDIPTR[1][3][31]_i_1_n_0 | ICDIPTR[3][2][9]_i_2_n_0                                  |                1 |              1 |
|  clk_in_IBUF_BUFG | ICDIPTR[1][4][31]_i_1_n_0 | ICDIPTR[2][2][7]_i_1_n_0                                  |                1 |              1 |
|  clk_in_IBUF_BUFG | ICDIPTR[1][4][31]_i_1_n_0 | ICDIPTR[3][0][14]_i_2_n_0                                 |                1 |              1 |
|  clk_in_IBUF_BUFG | ICDICFR[0][0][30]_i_1_n_0 | ICDIPTR[3][2][29]_i_2_n_0                                 |                1 |              1 |
|  clk_in_IBUF_BUFG | ICDIPTR[1][4][31]_i_1_n_0 | ICDIPTR[3][2][28]_i_2_n_0                                 |                1 |              1 |
|  clk_in_IBUF_BUFG | ICDIPTR[1][4][31]_i_1_n_0 | ICDIPTR[3][2][9]_i_2_n_0                                  |                1 |              1 |
|  clk_in_IBUF_BUFG | ICDIPTR[1][5][31]_i_1_n_0 | ICDIPTR[2][5][31]_i_2_n_0                                 |                1 |              1 |
|  clk_in_IBUF_BUFG | ICDIPTR[1][5][31]_i_1_n_0 | ICDIPTR[3][2][29]_i_2_n_0                                 |                1 |              1 |
|  clk_in_IBUF_BUFG | ICDICFR[0][1][30]_i_1_n_0 | ICDIPTR[3][2][29]_i_2_n_0                                 |                1 |              1 |
|  clk_in_IBUF_BUFG | ICDIPTR[1][6][31]_i_1_n_0 | ICDIPTR[3][2][29]_i_2_n_0                                 |                1 |              1 |
|  clk_in_IBUF_BUFG | ICDIPTR[1][7][31]_i_1_n_0 | ICDIPTR[3][2][29]_i_2_n_0                                 |                1 |              1 |
|  clk_in_IBUF_BUFG | ICDIPR_S[11][28]_i_1_n_0  | ICDIPR_S[13][29]_i_3_n_0                                  |                1 |              1 |
|  clk_in_IBUF_BUFG | ICDIPTR[2][0][31]_i_1_n_0 | ICDIPTR[2][2][7]_i_1_n_0                                  |                1 |              1 |
|  clk_in_IBUF_BUFG | ICDICFR[1][0][30]_i_1_n_0 | ICDIPTR[3][2][29]_i_2_n_0                                 |                1 |              1 |
|  clk_in_IBUF_BUFG | ICDIPTR[2][0][31]_i_1_n_0 | ICDIPTR[3][2][28]_i_2_n_0                                 |                1 |              1 |
|  clk_in_IBUF_BUFG | ICDIPTR[2][1][31]_i_1_n_0 | ICDIPR[2][4][28]_i_3_n_0                                  |                1 |              1 |
|  clk_in_IBUF_BUFG | ICDIPTR[2][1][31]_i_1_n_0 | ICDIPTR[2][2][7]_i_1_n_0                                  |                1 |              1 |
|  clk_in_IBUF_BUFG | ICDIPTR[2][1][31]_i_1_n_0 | ICDIPTR[3][2][28]_i_2_n_0                                 |                1 |              1 |
|  clk_in_IBUF_BUFG | ICDICFR[1][1][30]_i_1_n_0 | ICDIPTR[3][2][29]_i_2_n_0                                 |                1 |              1 |
|  clk_in_IBUF_BUFG | ICDIPTR_S[15][31]_i_1_n_0 | ICDIPTR[3][2][24]_i_2_n_0                                 |                1 |              2 |
|  clk_in_IBUF_BUFG | ICDIPTR[3][7][30]_i_1_n_0 | ICDIPTR[3][2][24]_i_2_n_0                                 |                2 |              2 |
|  clk_in_IBUF_BUFG | ICDDCR[31]_i_1_n_0        | ICDIPTR[3][2][30]_i_3_n_0                                 |                1 |              2 |
|  clk_in_IBUF_BUFG | ICDIPTR[2][2][31]_i_1_n_0 | ICDIPTR[3][2][30]_i_3_n_0                                 |                2 |              2 |
|  clk_in_IBUF_BUFG | ICDIPTR[2][0][31]_i_1_n_0 | ICDIPTR[3][2][9]_i_2_n_0                                  |                1 |              2 |
|  clk_in_IBUF_BUFG | ICDIPTR[1][7][31]_i_1_n_0 | ICDIPTR[3][2][24]_i_2_n_0                                 |                2 |              2 |
|  clk_in_IBUF_BUFG | ICDIPTR[1][6][31]_i_1_n_0 | ICDIPTR[3][2][24]_i_2_n_0                                 |                2 |              2 |
|  clk_in_IBUF_BUFG | ICDIPTR[3][5][30]_i_1_n_0 | ICDIPTR[3][2][24]_i_2_n_0                                 |                2 |              2 |
|  clk_in_IBUF_BUFG | ICCPMR[1][31]_i_1_n_0     | genblk2[1].genblk1[22].interrupt_states[1][22][1]_i_2_n_0 |                1 |              2 |
|  clk_in_IBUF_BUFG | ICDIPTR[0][2][31]_i_1_n_0 | ICDIPTR[3][2][30]_i_3_n_0                                 |                2 |              2 |
|  clk_in_IBUF_BUFG | ICDIPTR[3][0][30]_i_1_n_0 | ICDIPTR[3][2][9]_i_2_n_0                                  |                1 |              2 |
|  clk_in_IBUF_BUFG | ICDIPTR[0][0][31]_i_1_n_0 | ICDIPTR[3][2][9]_i_2_n_0                                  |                2 |              2 |
|  clk_in_IBUF_BUFG | ICDIPTR[2][0][31]_i_1_n_0 | ICDIPTR[3][2][21]_i_2_n_0                                 |                2 |              2 |
|  clk_in_IBUF_BUFG | ICDIPTR[2][7][31]_i_1_n_0 | ICDIPTR[3][2][24]_i_2_n_0                                 |                1 |              2 |
|  clk_in_IBUF_BUFG | ICDIPTR[0][0][31]_i_1_n_0 | ICDIPTR[3][2][21]_i_2_n_0                                 |                2 |              2 |
|  clk_in_IBUF_BUFG | ICDIPTR[1][2][31]_i_1_n_0 | ICDIPTR[3][2][30]_i_3_n_0                                 |                2 |              2 |
|  clk_in_IBUF_BUFG | ICDIPR[1][6][21]_i_1_n_0  | ICDIPR_S[13][29]_i_3_n_0                                  |                1 |              2 |
|  clk_in_IBUF_BUFG | ICDIPTR[1][0][31]_i_1_n_0 | ICDIPTR[3][2][21]_i_2_n_0                                 |                2 |              2 |
|  clk_in_IBUF_BUFG | ICDIPTR_S[14][31]_i_1_n_0 | ICDIPTR[3][2][24]_i_2_n_0                                 |                2 |              2 |
|  clk_in_IBUF_BUFG | ICDIPTR[2][6][31]_i_1_n_0 | ICDIPTR[3][2][24]_i_2_n_0                                 |                2 |              2 |
|  clk_in_IBUF_BUFG | ICDIPTR_S[13][31]_i_1_n_0 | ICDIPTR[3][2][24]_i_2_n_0                                 |                2 |              2 |
|  clk_in_IBUF_BUFG | ICCPMR[3][31]_i_1_n_0     | genblk2[1].genblk1[22].interrupt_states[1][22][1]_i_2_n_0 |                1 |              2 |
|  clk_in_IBUF_BUFG | ICDIPTR[1][0][31]_i_1_n_0 | ICDIPTR[3][2][29]_i_2_n_0                                 |                1 |              2 |
|  clk_in_IBUF_BUFG | ICDIPTR[3][2][30]_i_1_n_0 | ICDIPTR[3][2][30]_i_3_n_0                                 |                1 |              2 |
|  clk_in_IBUF_BUFG | ICDIPTR[3][6][30]_i_1_n_0 | ICDIPTR[3][2][24]_i_2_n_0                                 |                1 |              2 |
|  clk_in_IBUF_BUFG | ICDIPTR[2][0][31]_i_1_n_0 | ICDIPTR[3][2][29]_i_2_n_0                                 |                2 |              2 |
|  clk_in_IBUF_BUFG | ICDIPR_S[9][27]_i_1_n_0   | ICDIPTR[3][3][14]_i_2_n_0                                 |                2 |              2 |
|  clk_in_IBUF_BUFG | ICDIPTR[2][5][31]_i_1_n_0 | ICDIPTR[3][2][24]_i_2_n_0                                 |                2 |              2 |
|  clk_in_IBUF_BUFG | ICDIPTR[1][5][31]_i_1_n_0 | ICDIPTR[3][2][24]_i_2_n_0                                 |                2 |              2 |
|  clk_in_IBUF_BUFG | ICCPMR[0][31]_i_1_n_0     | genblk2[1].genblk1[22].interrupt_states[1][22][1]_i_2_n_0 |                1 |              2 |
|  clk_in_IBUF_BUFG | ICDIPTR[3][0][30]_i_1_n_0 | ICDIPTR[3][2][24]_i_2_n_0                                 |                1 |              3 |
|  clk_in_IBUF_BUFG | ICDIPTR[3][1][30]_i_1_n_0 | ICDIPTR[3][2][9]_i_2_n_0                                  |                2 |              3 |
|  clk_in_IBUF_BUFG | ICDIPTR[3][4][30]_i_1_n_0 | genblk2[1].genblk1[22].interrupt_states[1][22][1]_i_2_n_0 |                2 |              3 |
|  clk_in_IBUF_BUFG | ICDIPTR[3][4][30]_i_1_n_0 | ICDIPTR[3][2][9]_i_2_n_0                                  |                2 |              3 |
|  clk_in_IBUF_BUFG | ICDIPTR[2][4][31]_i_1_n_0 | genblk2[1].genblk1[22].interrupt_states[1][22][1]_i_2_n_0 |                2 |              3 |
|  clk_in_IBUF_BUFG | ICDIPR[1][6][21]_i_1_n_0  | genblk2[2].genblk1[27].interrupt_states[2][27][1]_i_2_n_0 |                2 |              3 |
|  clk_in_IBUF_BUFG | ICDIPTR[2][0][31]_i_1_n_0 | ICDIPTR[3][3][14]_i_2_n_0                                 |                2 |              3 |
|  clk_in_IBUF_BUFG | ICDIPTR[3][4][30]_i_1_n_0 | ICDIPTR[3][2][21]_i_2_n_0                                 |                2 |              3 |
|  clk_in_IBUF_BUFG | ICDIPTR[3][0][30]_i_1_n_0 | ICDIPR[2][5][2]_i_2_n_0                                   |                2 |              3 |
|  clk_in_IBUF_BUFG | ICDIPTR[3][3][30]_i_1_n_0 | ICDIPTR[3][2][9]_i_2_n_0                                  |                3 |              3 |
|  clk_in_IBUF_BUFG | ICDIPTR[3][3][30]_i_1_n_0 | ICDIPTR[3][2][21]_i_2_n_0                                 |                1 |              3 |
|  clk_in_IBUF_BUFG | ICDIPTR[3][2][30]_i_1_n_0 | ICDIPTR[3][2][9]_i_2_n_0                                  |                2 |              3 |
|  clk_in_IBUF_BUFG | ICDIPTR[3][1][30]_i_1_n_0 | ICDIPTR[3][2][21]_i_2_n_0                                 |                2 |              3 |
|  clk_in_IBUF_BUFG | ICDIPTR[0][4][31]_i_1_n_0 | genblk2[1].genblk1[22].interrupt_states[1][22][1]_i_2_n_0 |                3 |              3 |
|  clk_in_IBUF_BUFG | ICDIPTR[0][6][31]_i_1_n_0 | ICDIPTR[3][6][30]_i_3_n_0                                 |                3 |              3 |
|  clk_in_IBUF_BUFG | ICDIPTR[3][2][30]_i_1_n_0 | ICDIPTR[3][2][21]_i_2_n_0                                 |                1 |              3 |
|  clk_in_IBUF_BUFG | ICDIPTR[1][4][31]_i_1_n_0 | genblk2[1].genblk1[22].interrupt_states[1][22][1]_i_2_n_0 |                2 |              3 |
|  clk_in_IBUF_BUFG | ICDIPTR[1][0][31]_i_1_n_0 | ICDIPTR[3][2][24]_i_2_n_0                                 |                3 |              3 |
|  clk_in_IBUF_BUFG | ICDIPTR[1][0][31]_i_1_n_0 | ICDIPTR[3][0][14]_i_2_n_0                                 |                3 |              3 |
|  clk_in_IBUF_BUFG | ICDIPTR[2][0][31]_i_1_n_0 | ICDIPTR[3][2][24]_i_2_n_0                                 |                3 |              3 |
|  clk_in_IBUF_BUFG | ICDIPTR[1][0][31]_i_1_n_0 | ICDIPTR[3][3][14]_i_2_n_0                                 |                3 |              3 |
|  clk_in_IBUF_BUFG | ICDIPTR[0][0][31]_i_1_n_0 | ICDIPTR[3][3][14]_i_2_n_0                                 |                2 |              3 |
|  clk_in_IBUF_BUFG | ICDIPR_S[10][31]_i_1_n_0  |                                                           |                3 |              4 |
|  clk_in_IBUF_BUFG | ICDIPTR[0][4][31]_i_1_n_0 | ICDIPTR[3][2][29]_i_2_n_0                                 |                2 |              4 |
|  clk_in_IBUF_BUFG | ICDIPTR[1][2][31]_i_1_n_0 | ICDIPTR[3][2][24]_i_2_n_0                                 |                2 |              4 |
|  clk_in_IBUF_BUFG | ICDIPTR[1][2][31]_i_1_n_0 | ICDIPTR[3][2][21]_i_2_n_0                                 |                3 |              4 |
|  clk_in_IBUF_BUFG |                           | ICDIPTR[3][2][28]_i_2_n_0                                 |                4 |              4 |
|  clk_in_IBUF_BUFG | ICDIPTR[1][3][31]_i_1_n_0 | ICDIPTR[3][2][29]_i_2_n_0                                 |                3 |              4 |
|  clk_in_IBUF_BUFG | ICDIPTR[3][4][30]_i_1_n_0 | ICDIPTR[3][2][29]_i_2_n_0                                 |                3 |              4 |
|  clk_in_IBUF_BUFG | ICDIPTR[3][4][30]_i_1_n_0 | ICDIPTR[3][2][24]_i_2_n_0                                 |                2 |              4 |
|  clk_in_IBUF_BUFG | ICDIPTR[0][3][31]_i_1_n_0 | ICDIPTR[3][6][30]_i_3_n_0                                 |                2 |              4 |
|  clk_in_IBUF_BUFG | ICDIPTR[3][3][30]_i_1_n_0 | ICDIPTR[3][6][30]_i_3_n_0                                 |                2 |              4 |
|  clk_in_IBUF_BUFG | ICDIPTR[3][3][30]_i_1_n_0 | ICDIPTR[3][3][14]_i_2_n_0                                 |                3 |              4 |
|  clk_in_IBUF_BUFG | ICDIPTR[3][3][30]_i_1_n_0 | ICDIPTR[3][2][29]_i_2_n_0                                 |                3 |              4 |
|  clk_in_IBUF_BUFG | ICDIPTR[0][3][31]_i_1_n_0 | ICDIPTR[3][2][9]_i_2_n_0                                  |                3 |              4 |
|  clk_in_IBUF_BUFG | ICDIPTR[3][3][30]_i_1_n_0 | ICDIPTR[3][2][24]_i_2_n_0                                 |                2 |              4 |
|  clk_in_IBUF_BUFG | ICDIPTR[3][2][30]_i_1_n_0 | ICDIPTR[3][2][29]_i_2_n_0                                 |                1 |              4 |
|  clk_in_IBUF_BUFG | ICDIPTR[1][3][31]_i_1_n_0 | ICDIPTR[3][2][24]_i_2_n_0                                 |                2 |              4 |
|  clk_in_IBUF_BUFG | ICDIPTR[0][1][31]_i_1_n_0 | ICDIPTR[3][2][30]_i_3_n_0                                 |                2 |              4 |
|  clk_in_IBUF_BUFG | ICDIPR[0][2][28]_i_1_n_0  | ICDIPR_S[13][29]_i_3_n_0                                  |                3 |              4 |
|  clk_in_IBUF_BUFG | ICDIPTR[0][1][31]_i_1_n_0 | ICDIPTR[3][2][29]_i_2_n_0                                 |                3 |              4 |
|  clk_in_IBUF_BUFG | ICDIPTR[1][3][31]_i_1_n_0 | ICDIPTR[3][2][21]_i_2_n_0                                 |                2 |              4 |
|  clk_in_IBUF_BUFG | ICDIPR_S[12][28]_i_1_n_0  |                                                           |                3 |              4 |
|  clk_in_IBUF_BUFG | ICDIPTR[0][1][31]_i_1_n_0 | ICDIPTR[3][0][14]_i_2_n_0                                 |                3 |              4 |
|  clk_in_IBUF_BUFG | ICCPMR[1][31]_i_1_n_0     | ICDIPTR[3][2][24]_i_2_n_0                                 |                1 |              4 |
|  clk_in_IBUF_BUFG | ICDIPTR[0][0][31]_i_1_n_0 | ICDIPTR[3][6][30]_i_3_n_0                                 |                2 |              4 |
|  clk_in_IBUF_BUFG | ICDIPTR[0][2][31]_i_1_n_0 | ICDIPTR[3][2][9]_i_2_n_0                                  |                3 |              4 |
|  clk_in_IBUF_BUFG | ICDIPTR[1][1][31]_i_1_n_0 | ICDIPTR[3][2][30]_i_3_n_0                                 |                2 |              4 |
|  clk_in_IBUF_BUFG | ICCPMR[2][31]_i_1_n_0     | ICDIPTR[3][2][24]_i_2_n_0                                 |                2 |              4 |
|  clk_in_IBUF_BUFG | ICDIPTR[0][1][31]_i_1_n_0 | ICDIPTR[3][2][9]_i_2_n_0                                  |                2 |              4 |
|  clk_in_IBUF_BUFG | ICDIPTR_S[13][31]_i_1_n_0 | ICDIPTR[3][2][29]_i_2_n_0                                 |                2 |              4 |
|  clk_in_IBUF_BUFG | ICCPMR[3][31]_i_1_n_0     | ICDIPTR[3][2][24]_i_2_n_0                                 |                2 |              4 |
|  clk_in_IBUF_BUFG | ICDIPTR[1][2][31]_i_1_n_0 | ICDIPTR[3][2][29]_i_2_n_0                                 |                3 |              4 |
|  clk_in_IBUF_BUFG | ICDIPTR_S[14][31]_i_1_n_0 | ICDIPTR[3][2][29]_i_2_n_0                                 |                2 |              4 |
|  clk_in_IBUF_BUFG | ICDDCR[31]_i_1_n_0        | ICDIPTR[3][2][24]_i_2_n_0                                 |                2 |              4 |
|  clk_in_IBUF_BUFG | ICDIPTR[3][2][30]_i_1_n_0 | ICDIPTR[3][2][24]_i_2_n_0                                 |                1 |              4 |
|  clk_in_IBUF_BUFG | ICDIPTR_S[15][31]_i_1_n_0 | ICDIPTR[3][2][29]_i_2_n_0                                 |                2 |              4 |
|  clk_in_IBUF_BUFG | ICDDCR[31]_i_1_n_0        | ICDIPTR[3][2][9]_i_2_n_0                                  |                2 |              4 |
|  clk_in_IBUF_BUFG | ICCPMR[0][31]_i_1_n_0     | ICDIPTR[3][2][24]_i_2_n_0                                 |                1 |              4 |
|  clk_in_IBUF_BUFG | ICDIPTR[3][1][30]_i_1_n_0 | ICDIPTR[3][2][30]_i_3_n_0                                 |                1 |              4 |
|  clk_in_IBUF_BUFG | ICDIPTR[3][1][30]_i_1_n_0 | ICDIPTR[3][2][29]_i_2_n_0                                 |                2 |              4 |
|  clk_in_IBUF_BUFG | ICDIPTR[1][1][31]_i_1_n_0 | ICDIPTR[3][2][29]_i_2_n_0                                 |                4 |              4 |
|  clk_in_IBUF_BUFG | ICDICFR[0][0][30]_i_1_n_0 | ICDIPTR[3][2][24]_i_2_n_0                                 |                2 |              4 |
|  clk_in_IBUF_BUFG | ICDIPTR[3][1][30]_i_1_n_0 | ICDIPTR[3][2][24]_i_2_n_0                                 |                1 |              4 |
|  clk_in_IBUF_BUFG | ICDICFR[0][1][30]_i_1_n_0 | ICDIPTR[3][2][24]_i_2_n_0                                 |                3 |              4 |
|  clk_in_IBUF_BUFG | ICDICFR[1][0][30]_i_1_n_0 | ICDIPTR[3][2][24]_i_2_n_0                                 |                3 |              4 |
|  clk_in_IBUF_BUFG | ICDIPTR[3][1][30]_i_1_n_0 | ICDIPTR[3][0][14]_i_2_n_0                                 |                2 |              4 |
|  clk_in_IBUF_BUFG | ICDICFR[1][1][30]_i_1_n_0 | ICDIPTR[3][2][24]_i_2_n_0                                 |                4 |              4 |
|  clk_in_IBUF_BUFG | ICDIPTR[0][2][31]_i_1_n_0 | ICDIPTR[3][2][29]_i_2_n_0                                 |                3 |              4 |
|  clk_in_IBUF_BUFG | ICDICFR[2][0][30]_i_1_n_0 | ICDIPTR[3][2][24]_i_2_n_0                                 |                3 |              4 |
|  clk_in_IBUF_BUFG | ICDICFR[2][1][30]_i_1_n_0 | ICDIPTR[3][2][24]_i_2_n_0                                 |                3 |              4 |
|  clk_in_IBUF_BUFG | ICDIPTR[1][1][31]_i_1_n_0 | ICDIPTR[3][2][21]_i_2_n_0                                 |                4 |              4 |
|  clk_in_IBUF_BUFG | ICDICFR[3][0][30]_i_1_n_0 | ICDIPTR[3][2][24]_i_2_n_0                                 |                2 |              4 |
|  clk_in_IBUF_BUFG | ICDICFR[3][1][30]_i_1_n_0 | ICDIPTR[3][2][24]_i_2_n_0                                 |                3 |              4 |
|  clk_in_IBUF_BUFG | ICDICFR_S[0][30]_i_1_n_0  | ICDIPTR[3][2][24]_i_2_n_0                                 |                4 |              4 |
|  clk_in_IBUF_BUFG | ICDIPTR[1][1][31]_i_1_n_0 | ICDIPTR[3][0][14]_i_2_n_0                                 |                3 |              4 |
|  clk_in_IBUF_BUFG | ICDICFR_S[1][30]_i_1_n_0  | ICDIPTR[3][2][24]_i_2_n_0                                 |                4 |              4 |
|  clk_in_IBUF_BUFG | ICDIPTR[0][3][31]_i_1_n_0 | ICDIPTR[3][2][29]_i_2_n_0                                 |                2 |              4 |
|  clk_in_IBUF_BUFG | ICDIPR[0][0][24]_i_1_n_0  | ICDIPR_S[13][29]_i_3_n_0                                  |                2 |              4 |
|  clk_in_IBUF_BUFG | ICDIPTR[1][1][31]_i_1_n_0 | ICDIPTR[3][2][24]_i_2_n_0                                 |                3 |              4 |
|  clk_in_IBUF_BUFG | ICDIPTR[2][4][31]_i_1_n_0 | ICDIPTR[3][2][24]_i_2_n_0                                 |                1 |              4 |
|  clk_in_IBUF_BUFG | ICDIPTR[1][0][31]_i_1_n_0 | ICDIPTR[3][6][30]_i_3_n_0                                 |                2 |              4 |
|  clk_in_IBUF_BUFG | ICDIPR[0][4][28]_i_1_n_0  | ICDIPR[0][4][6]_i_1_n_0                                   |                2 |              4 |
|  clk_in_IBUF_BUFG | ICDIPTR[2][3][31]_i_1_n_0 | ICDIPTR[3][6][30]_i_3_n_0                                 |                3 |              4 |
|  clk_in_IBUF_BUFG | ICDIPTR[2][3][31]_i_1_n_0 | ICDIPTR[3][2][9]_i_2_n_0                                  |                4 |              4 |
|  clk_in_IBUF_BUFG | ICDIPR[0][7][18]_i_1_n_0  | ICDIPR[0][7][21]_i_1_n_0                                  |                2 |              4 |
|  clk_in_IBUF_BUFG | ICDIPTR[2][3][31]_i_1_n_0 | ICDIPTR[3][2][24]_i_2_n_0                                 |                1 |              4 |
|  clk_in_IBUF_BUFG | ICDIPR[1][0][24]_i_1_n_0  | ICDIPR_S[13][29]_i_3_n_0                                  |                2 |              4 |
|  clk_in_IBUF_BUFG | ICDIPTR[2][3][31]_i_1_n_0 | ICDIPR_S[13][29]_i_3_n_0                                  |                3 |              4 |
|  clk_in_IBUF_BUFG | ICDIPTR[2][2][31]_i_1_n_0 | ICDIPTR[3][2][9]_i_2_n_0                                  |                4 |              4 |
|  clk_in_IBUF_BUFG | ICDIPTR[2][4][31]_i_1_n_0 | ICDIPTR[3][2][9]_i_2_n_0                                  |                2 |              4 |
|  clk_in_IBUF_BUFG | ICDIPTR[2][2][31]_i_1_n_0 | ICDIPTR[3][2][24]_i_2_n_0                                 |                1 |              4 |
|  clk_in_IBUF_BUFG | ICDIPTR[2][1][31]_i_1_n_0 | ICDIPTR[3][2][9]_i_2_n_0                                  |                4 |              4 |
|  clk_in_IBUF_BUFG | ICDIPTR[2][1][31]_i_1_n_0 | ICDIPTR[3][2][30]_i_3_n_0                                 |                4 |              4 |
|  clk_in_IBUF_BUFG | ICDIPR[1][7][18]_i_1_n_0  | ICDIPR[1][7][21]_i_1_n_0                                  |                1 |              4 |
|  clk_in_IBUF_BUFG | ICDIPTR[2][1][31]_i_1_n_0 | ICDIPTR[3][2][24]_i_2_n_0                                 |                2 |              4 |
|  clk_in_IBUF_BUFG | ICDIPR[2][0][24]_i_1_n_0  | ICDIPTR[3][3][14]_i_2_n_0                                 |                1 |              4 |
|  clk_in_IBUF_BUFG | ICDIPTR[2][1][31]_i_1_n_0 | ICDIPTR[3][0][14]_i_2_n_0                                 |                4 |              4 |
|  clk_in_IBUF_BUFG | ICDIPTR[2][0][31]_i_1_n_0 | ICDIPTR[3][6][30]_i_3_n_0                                 |                1 |              4 |
|  clk_in_IBUF_BUFG | ICDIPTR[0][3][31]_i_1_n_0 | ICDIPR_S[13][29]_i_3_n_0                                  |                2 |              4 |
|  clk_in_IBUF_BUFG | ICDIPR[2][4][28]_i_1_n_0  | ICDIPR[2][4][27]_i_1_n_0                                  |                2 |              4 |
|  clk_in_IBUF_BUFG | ICDIPR[2][5][29]_i_1_n_0  | ICDIPR[2][5][27]_i_1_n_0                                  |                3 |              4 |
|  clk_in_IBUF_BUFG | ICDIPR[2][7][18]_i_1_n_0  | ICDIPR[2][7][21]_i_1_n_0                                  |                1 |              4 |
|  clk_in_IBUF_BUFG | ICDIPR[3][0][24]_i_1_n_0  | ICDIPR_S[13][29]_i_3_n_0                                  |                2 |              4 |
|  clk_in_IBUF_BUFG | ICDIPTR[1][4][31]_i_1_n_0 | ICDIPTR[3][2][29]_i_2_n_0                                 |                2 |              4 |
|  clk_in_IBUF_BUFG | ICDIPTR[1][4][31]_i_1_n_0 | ICDIPTR[3][2][24]_i_2_n_0                                 |                1 |              4 |
|  clk_in_IBUF_BUFG | ICDIPR[3][4][31]_i_1_n_0  |                                                           |                2 |              4 |
|  clk_in_IBUF_BUFG | ICDIPTR[1][4][31]_i_1_n_0 | ICDIPTR[3][2][21]_i_2_n_0                                 |                4 |              4 |
|  clk_in_IBUF_BUFG | ICDIPR[3][4][31]_i_1_n_0  | ICDIPR[3][4][27]_i_1_n_0                                  |                1 |              4 |
|  clk_in_IBUF_BUFG | ICDIPR[3][4][31]_i_1_n_0  | ICDIPR[3][4][6]_i_1_n_0                                   |                1 |              4 |
|  clk_in_IBUF_BUFG | ICDIPTR[0][4][31]_i_1_n_0 | ICDIPTR[3][2][9]_i_2_n_0                                  |                3 |              4 |
|  clk_in_IBUF_BUFG | ICDIPR[3][5][29]_i_1_n_0  | ICDIPR[3][5][27]_i_1_n_0                                  |                2 |              4 |
|  clk_in_IBUF_BUFG | ICDIPTR[1][3][31]_i_1_n_0 | ICDIPTR[3][6][30]_i_3_n_0                                 |                2 |              4 |
|  clk_in_IBUF_BUFG | ICDIPTR[1][3][31]_i_1_n_0 | ICDIPTR[3][3][14]_i_2_n_0                                 |                2 |              4 |
|  clk_in_IBUF_BUFG | ICDIPR[3][7][18]_i_1_n_0  | ICDIPR[3][7][21]_i_1_n_0                                  |                1 |              4 |
|  clk_in_IBUF_BUFG | ICDIPTR[3][7][30]_i_1_n_0 | ICDIPTR[2][5][30]_i_1_n_0                                 |                2 |              5 |
|  clk_in_IBUF_BUFG | ICDIPR[3][6][21]_i_1_n_0  | ICDIPR_S[13][29]_i_3_n_0                                  |                5 |              5 |
|  clk_in_IBUF_BUFG | ICDIPTR[3][4][30]_i_1_n_0 | ICDIPTR[3][2][30]_i_3_n_0                                 |                5 |              5 |
|  clk_in_IBUF_BUFG | ICDICFR[1][0][30]_i_1_n_0 | ICDIPTR[2][2][7]_i_1_n_0                                  |                4 |              5 |
|  clk_in_IBUF_BUFG | ICCPMR[0][31]_i_1_n_0     | ICDIPTR[3][2][29]_i_2_n_0                                 |                3 |              5 |
|  clk_in_IBUF_BUFG | ICDIPR[0][6][21]_i_1_n_0  | ICDIPR[0][6][18]_i_1_n_0                                  |                2 |              5 |
|  clk_in_IBUF_BUFG | ICCPMR[1][31]_i_1_n_0     | ICDIPTR[3][2][29]_i_2_n_0                                 |                3 |              5 |
|  clk_in_IBUF_BUFG | ICCPMR[2][31]_i_1_n_0     | ICDIPTR[3][2][29]_i_2_n_0                                 |                3 |              5 |
|  clk_in_IBUF_BUFG | ICDIPR[1][6][21]_i_1_n_0  | ICDIPR[1][6][18]_i_1_n_0                                  |                2 |              5 |
|  clk_in_IBUF_BUFG | ICCPMR[3][31]_i_1_n_0     | ICDIPTR[3][2][29]_i_2_n_0                                 |                3 |              5 |
|  clk_in_IBUF_BUFG | ICDIPTR[0][0][31]_i_1_n_0 | ICDIPTR[3][0][14]_i_2_n_0                                 |                4 |              5 |
|  clk_in_IBUF_BUFG | ICDIPR[3][6][21]_i_1_n_0  | ICDIPR[3][6][18]_i_1_n_0                                  |                1 |              5 |
|  clk_in_IBUF_BUFG | ICDIPR[0][6][21]_i_1_n_0  | genblk2[2].genblk1[27].interrupt_states[2][27][1]_i_2_n_0 |                4 |              5 |
|  clk_in_IBUF_BUFG | ICDIPR[1][1][19]_i_1_n_0  | ICDIPR_S[13][29]_i_3_n_0                                  |                2 |              5 |
|  clk_in_IBUF_BUFG | ICDICFR[3][0][30]_i_1_n_0 | ICDIPTR[2][2][7]_i_1_n_0                                  |                3 |              5 |
|  clk_in_IBUF_BUFG | ICDICFR_S[0][30]_i_1_n_0  | ICDIPTR[2][2][7]_i_1_n_0                                  |                4 |              5 |
|  clk_in_IBUF_BUFG | ICDICFR[2][1][30]_i_1_n_0 | ICDIPTR[2][2][7]_i_1_n_0                                  |                2 |              5 |
|  clk_in_IBUF_BUFG | ICDIPTR[2][4][31]_i_1_n_0 | ICDIPTR[3][2][30]_i_3_n_0                                 |                4 |              5 |
|  clk_in_IBUF_BUFG | ICDIPTR[0][4][31]_i_1_n_0 | ICDIPTR[3][2][30]_i_3_n_0                                 |                4 |              5 |
|  clk_in_IBUF_BUFG | ICDIPR[2][6][21]_i_1_n_0  | ICDIPR[2][6][18]_i_1_n_0                                  |                4 |              5 |
|  clk_in_IBUF_BUFG | ICDICFR[2][0][30]_i_1_n_0 | ICDIPTR[2][2][7]_i_1_n_0                                  |                3 |              5 |
|  clk_in_IBUF_BUFG | ICDIPR[2][6][21]_i_1_n_0  | genblk2[2].genblk1[27].interrupt_states[2][27][1]_i_2_n_0 |                4 |              5 |
|  clk_in_IBUF_BUFG | ICDIPTR_S[14][31]_i_1_n_0 | ICDIPTR[3][2][21]_i_2_n_0                                 |                4 |              5 |
|  clk_in_IBUF_BUFG | ICDIPTR[1][0][31]_i_1_n_0 | genblk2[1].genblk1[22].interrupt_states[1][22][1]_i_2_n_0 |                5 |              5 |
|  clk_in_IBUF_BUFG | ICDIPR[2][1][19]_i_1_n_0  | ICDIPTR[3][3][14]_i_2_n_0                                 |                4 |              5 |
|  clk_in_IBUF_BUFG | ICDIPTR_S[13][31]_i_1_n_0 | ICDIPTR[3][2][21]_i_2_n_0                                 |                4 |              5 |
|  clk_in_IBUF_BUFG | ICDICFR_S[1][30]_i_1_n_0  | ICDIPTR[2][2][7]_i_1_n_0                                  |                5 |              5 |
|  clk_in_IBUF_BUFG | ICDICFR[1][1][30]_i_1_n_0 | ICDIPTR[2][2][7]_i_1_n_0                                  |                4 |              5 |
|  clk_in_IBUF_BUFG | ICDIPR[3][1][19]_i_1_n_0  | ICDIPR_S[13][29]_i_3_n_0                                  |                3 |              5 |
|  clk_in_IBUF_BUFG | ICDIPR[0][1][19]_i_1_n_0  | ICDIPTR[3][3][14]_i_2_n_0                                 |                3 |              5 |
|  clk_in_IBUF_BUFG | ICDICFR[3][1][30]_i_1_n_0 | ICDIPTR[2][2][7]_i_1_n_0                                  |                3 |              5 |
|  clk_in_IBUF_BUFG | ICDIPTR[1][4][31]_i_1_n_0 | ICDIPTR[3][2][30]_i_3_n_0                                 |                5 |              5 |
|  clk_in_IBUF_BUFG | ICDICFR[0][1][30]_i_1_n_0 | ICDIPTR[2][2][7]_i_1_n_0                                  |                4 |              5 |
|  clk_in_IBUF_BUFG | ICDIPTR[3][0][30]_i_1_n_0 | ICDIPTR[3][0][14]_i_2_n_0                                 |                2 |              5 |
|  clk_in_IBUF_BUFG | ICDIPTR_S[15][31]_i_1_n_0 | ICDIPTR[3][2][21]_i_2_n_0                                 |                4 |              5 |
|  clk_in_IBUF_BUFG | ICDICFR[0][0][30]_i_1_n_0 | ICDIPTR[2][2][7]_i_1_n_0                                  |                4 |              5 |
|  clk_in_IBUF_BUFG | ICDIPTR[3][6][30]_i_1_n_0 | ICDIPTR[3][6][30]_i_3_n_0                                 |                3 |              6 |
|  clk_in_IBUF_BUFG | ICCPMR[0][31]_i_1_n_0     | ICDIPTR[2][2][7]_i_1_n_0                                  |                2 |              6 |
|  clk_in_IBUF_BUFG | ICCPMR[1][31]_i_1_n_0     | ICDIPTR[2][2][7]_i_1_n_0                                  |                2 |              6 |
|  clk_in_IBUF_BUFG | ICCPMR[3][31]_i_1_n_0     | ICDIPTR[2][2][7]_i_1_n_0                                  |                1 |              6 |
|  clk_in_IBUF_BUFG | ICDDCR[31]_i_1_n_0        | ICDIPTR[3][2][29]_i_2_n_0                                 |                3 |              6 |
|  clk_in_IBUF_BUFG | ICDICFR_S[1][30]_i_1_n_0  | ICDIPTR[3][2][28]_i_2_n_0                                 |                3 |              6 |
|  clk_in_IBUF_BUFG | ICDICFR[2][1][30]_i_1_n_0 | ICDIPTR[3][2][28]_i_2_n_0                                 |                4 |              6 |
|  clk_in_IBUF_BUFG | ICDICFR[2][0][30]_i_1_n_0 | ICDIPTR[3][2][28]_i_2_n_0                                 |                3 |              6 |
|  clk_in_IBUF_BUFG | ICDIPR[0][5][29]_i_1_n_0  | ICDIPR[0][5][31]_i_1_n_0                                  |                2 |              6 |
|  clk_in_IBUF_BUFG | ICDIPTR[1][7][31]_i_1_n_0 | ICDIPTR[2][5][30]_i_1_n_0                                 |                3 |              6 |
|  clk_in_IBUF_BUFG | ICDIPR[2][7][18]_i_1_n_0  | ICDIPR_S[13][29]_i_3_n_0                                  |                3 |              6 |
|  clk_in_IBUF_BUFG | ICDICFR[1][1][30]_i_1_n_0 | ICDIPTR[3][2][28]_i_2_n_0                                 |                4 |              6 |
|  clk_in_IBUF_BUFG | ICDIPR[3][2][31]_i_1_n_0  |                                                           |                4 |              6 |
|  clk_in_IBUF_BUFG | ICDICFR[1][0][30]_i_1_n_0 | ICDIPTR[3][2][28]_i_2_n_0                                 |                4 |              6 |
|  clk_in_IBUF_BUFG | ICDIPR[3][3][31]_i_1_n_0  |                                                           |                4 |              6 |
|  clk_in_IBUF_BUFG | ICDIPTR[2][2][31]_i_1_n_0 | ICDIPTR[3][2][29]_i_2_n_0                                 |                3 |              6 |
|  clk_in_IBUF_BUFG | ICDIPR[1][4][29]_i_1_n_0  |                                                           |                3 |              6 |
|  clk_in_IBUF_BUFG | ICDIPTR[2][4][31]_i_1_n_0 | ICDIPTR[3][2][29]_i_2_n_0                                 |                3 |              6 |
|  clk_in_IBUF_BUFG | ICDIPTR[2][7][31]_i_1_n_0 | ICDIPTR[2][5][30]_i_1_n_0                                 |                3 |              6 |
|  clk_in_IBUF_BUFG | ICDIPR[0][7][18]_i_1_n_0  | ICDIPR_S[13][29]_i_3_n_0                                  |                3 |              6 |
|  clk_in_IBUF_BUFG | ICDIPR[1][4][29]_i_1_n_0  | ICDIPR[1][4][31]_i_1_n_0                                  |                4 |              6 |
|  clk_in_IBUF_BUFG | ICDICFR_S[0][30]_i_1_n_0  | ICDIPTR[3][2][28]_i_2_n_0                                 |                5 |              6 |
|  clk_in_IBUF_BUFG | ICDIPR[1][5][29]_i_1_n_0  | ICDIPR[1][5][31]_i_1_n_0                                  |                3 |              6 |
|  clk_in_IBUF_BUFG | ICDICFR[0][1][30]_i_1_n_0 | ICDIPTR[3][2][28]_i_2_n_0                                 |                4 |              6 |
|  clk_in_IBUF_BUFG | ICDIPTR_S[13][31]_i_1_n_0 | ICDIPTR[3][2][28]_i_2_n_0                                 |                3 |              6 |
|  clk_in_IBUF_BUFG | ICDIPR[3][7][18]_i_1_n_0  | ICDIPR_S[13][29]_i_3_n_0                                  |                2 |              6 |
|  clk_in_IBUF_BUFG | ICDICFR[3][1][30]_i_1_n_0 | ICDIPTR[3][2][28]_i_2_n_0                                 |                4 |              6 |
|  clk_in_IBUF_BUFG | ICDIPR_S[11][28]_i_1_n_0  | ICDIPR_S[11][31]_i_1_n_0                                  |                2 |              6 |
|  clk_in_IBUF_BUFG | ICDIPR[0][4][28]_i_1_n_0  | ICDIPR[0][4][31]_i_1_n_0                                  |                4 |              6 |
|  clk_in_IBUF_BUFG | ICDIPTR_S[14][31]_i_1_n_0 | ICDIPTR[3][2][28]_i_2_n_0                                 |                4 |              6 |
|  clk_in_IBUF_BUFG | ICDIPTR[2][1][31]_i_1_n_0 | ICDIPTR[3][2][29]_i_2_n_0                                 |                6 |              6 |
|  clk_in_IBUF_BUFG | ICDICFR[0][0][30]_i_1_n_0 | ICDIPTR[3][2][28]_i_2_n_0                                 |                4 |              6 |
|  clk_in_IBUF_BUFG | ICDIPR[1][7][18]_i_1_n_0  | ICDIPR_S[13][29]_i_3_n_0                                  |                2 |              6 |
|  clk_in_IBUF_BUFG | ICDIPTR[2][3][31]_i_1_n_0 | ICDIPTR[3][2][29]_i_2_n_0                                 |                3 |              6 |
|  clk_in_IBUF_BUFG | ICDIPTR_S[15][31]_i_1_n_0 | ICDIPTR[3][2][28]_i_2_n_0                                 |                4 |              6 |
|  clk_in_IBUF_BUFG | ICDICFR[3][0][30]_i_1_n_0 | ICDIPTR[3][2][28]_i_2_n_0                                 |                4 |              6 |
|  clk_in_IBUF_BUFG | ICDIPTR[2][0][31]_i_1_n_0 | ICDIPTR[3][0][14]_i_2_n_0                                 |                4 |              6 |
|  clk_in_IBUF_BUFG | ICDIPTR[0][1][31]_i_1_n_0 | ICDIPTR[3][2][21]_i_2_n_0                                 |                4 |              7 |
|  clk_in_IBUF_BUFG | ICDIPTR[0][2][31]_i_1_n_0 |                                                           |                4 |              7 |
|  clk_in_IBUF_BUFG | ICDIPTR[1][2][31]_i_1_n_0 | genblk2[1].genblk1[22].interrupt_states[1][22][1]_i_2_n_0 |                3 |              7 |
|  clk_in_IBUF_BUFG | ICDIPTR[0][4][31]_i_1_n_0 | ICDIPTR[3][2][21]_i_2_n_0                                 |                5 |              7 |
|  clk_in_IBUF_BUFG | ICDIPTR[0][5][31]_i_1_n_0 |                                                           |                5 |              7 |
|  clk_in_IBUF_BUFG | ICDIPTR[0][2][31]_i_1_n_0 | genblk2[1].genblk1[22].interrupt_states[1][22][1]_i_2_n_0 |                4 |              7 |
|  clk_in_IBUF_BUFG | ICDIPTR[0][6][31]_i_1_n_0 | ICDIPTR[0][6][28]_i_1_n_0                                 |                4 |              7 |
|  clk_in_IBUF_BUFG | ICDIPTR[1][6][31]_i_1_n_0 | ICDIPTR[3][6][30]_i_3_n_0                                 |                6 |              7 |
|  clk_in_IBUF_BUFG | ICDIPTR[0][7][31]_i_1_n_0 |                                                           |                4 |              7 |
|  clk_in_IBUF_BUFG | ICDIPTR[2][1][31]_i_1_n_0 | ICDIPTR[3][2][21]_i_2_n_0                                 |                5 |              7 |
|  clk_in_IBUF_BUFG | ICDIPTR[0][3][31]_i_1_n_0 | ICDIPTR[0][3][28]_i_1_n_0                                 |                4 |              7 |
|  clk_in_IBUF_BUFG | ICDIPTR[2][2][31]_i_1_n_0 | ICDIPTR[3][2][21]_i_2_n_0                                 |                3 |              7 |
|  clk_in_IBUF_BUFG | ICDIPTR[2][2][31]_i_1_n_0 | genblk2[1].genblk1[22].interrupt_states[1][22][1]_i_2_n_0 |                4 |              7 |
|  clk_in_IBUF_BUFG | ICDIPTR[2][3][31]_i_1_n_0 | ICDIPTR[3][2][21]_i_2_n_0                                 |                3 |              7 |
|  clk_in_IBUF_BUFG | ICDIPTR[0][2][31]_i_1_n_0 | ICDIPTR[3][2][21]_i_2_n_0                                 |                4 |              7 |
|  clk_in_IBUF_BUFG | ICDIPTR[2][4][31]_i_1_n_0 | ICDIPTR[3][2][21]_i_2_n_0                                 |                5 |              7 |
|  clk_in_IBUF_BUFG | ICDIPTR[0][3][31]_i_1_n_0 | ICDIPTR[3][2][21]_i_2_n_0                                 |                4 |              7 |
|  clk_in_IBUF_BUFG | ICDIPTR[2][6][31]_i_1_n_0 | ICDIPTR[3][6][30]_i_3_n_0                                 |                6 |              7 |
|  clk_in_IBUF_BUFG | ICDIPTR[3][0][30]_i_1_n_0 | ICDIPTR[3][0][27]_i_1_n_0                                 |                3 |              7 |
|  clk_in_IBUF_BUFG | ICDIPTR[3][2][30]_i_1_n_0 | genblk2[1].genblk1[22].interrupt_states[1][22][1]_i_2_n_0 |                2 |              7 |
|  clk_in_IBUF_BUFG | ICDIPTR[3][5][30]_i_1_n_0 |                                                           |                5 |              7 |
|  clk_in_IBUF_BUFG | ICDIPTR[0][4][31]_i_1_n_0 |                                                           |                2 |              7 |
|  clk_in_IBUF_BUFG | ICDIPTR_S[10][31]_i_1_n_0 | ICDIPTR[2][5][31]_i_2_n_0                                 |                6 |              7 |
|  clk_in_IBUF_BUFG | ICDIPTR_S[10][31]_i_1_n_0 | ICDIPTR[3][2][30]_i_3_n_0                                 |                5 |              7 |
|  clk_in_IBUF_BUFG | ICDIPTR_S[10][31]_i_1_n_0 | ICDIPTR[3][6][30]_i_3_n_0                                 |                6 |              7 |
|  clk_in_IBUF_BUFG | ICDIPTR_S[11][31]_i_1_n_0 | ICDIPTR[2][5][31]_i_2_n_0                                 |                7 |              7 |
|  clk_in_IBUF_BUFG | ICDIPTR_S[11][31]_i_1_n_0 | ICDIPTR[3][2][30]_i_3_n_0                                 |                7 |              7 |
|  clk_in_IBUF_BUFG | ICDIPTR_S[11][31]_i_1_n_0 | ICDIPTR[3][6][30]_i_3_n_0                                 |                6 |              7 |
|  clk_in_IBUF_BUFG | ICDIPTR_S[12][31]_i_1_n_0 | ICDIPTR[3][2][30]_i_3_n_0                                 |                6 |              7 |
|  clk_in_IBUF_BUFG | ICCPMR[0][31]_i_1_n_0     | ICDIPTR[3][2][21]_i_2_n_0                                 |                2 |              7 |
|  clk_in_IBUF_BUFG | ICCPMR[0][31]_i_1_n_0     | ICDIPTR[3][2][28]_i_2_n_0                                 |                2 |              7 |
|  clk_in_IBUF_BUFG | ICCPMR[1][31]_i_1_n_0     | ICDIPTR[3][2][21]_i_2_n_0                                 |                2 |              7 |
|  clk_in_IBUF_BUFG | ICCPMR[1][31]_i_1_n_0     | ICDIPTR[3][2][28]_i_2_n_0                                 |                3 |              7 |
|  clk_in_IBUF_BUFG | ICCPMR[2][31]_i_1_n_0     | ICDIPTR[3][2][21]_i_2_n_0                                 |                3 |              7 |
|  clk_in_IBUF_BUFG | ICCPMR[2][31]_i_1_n_0     | ICDIPTR[3][2][28]_i_2_n_0                                 |                4 |              7 |
|  clk_in_IBUF_BUFG | ICCPMR[3][31]_i_1_n_0     | ICDIPTR[3][2][21]_i_2_n_0                                 |                3 |              7 |
|  clk_in_IBUF_BUFG | ICCPMR[3][31]_i_1_n_0     | ICDIPTR[3][2][28]_i_2_n_0                                 |                4 |              7 |
|  clk_in_IBUF_BUFG | ICDDCR[31]_i_1_n_0        | ICDIPTR[3][2][21]_i_2_n_0                                 |                3 |              7 |
|  clk_in_IBUF_BUFG | ICDIPR_S[8][27]_i_1_n_0   | ICDIPR_S[8][31]_i_1_n_0                                   |                3 |              7 |
|  clk_in_IBUF_BUFG | ICDIPR_S[9][27]_i_1_n_0   | ICDIPR_S[9][31]_i_1_n_0                                   |                2 |              7 |
|  clk_in_IBUF_BUFG | ICDIPR_S[9][27]_i_1_n_0   | genblk2[2].genblk1[27].interrupt_states[2][27][1]_i_2_n_0 |                4 |              7 |
|  clk_in_IBUF_BUFG | ICDIPTR[0][0][31]_i_1_n_0 | ICDIPTR[0][0][28]_i_1_n_0                                 |                5 |              7 |
|  clk_in_IBUF_BUFG | ICDIPTR[0][0][31]_i_1_n_0 | genblk2[1].genblk1[22].interrupt_states[1][22][1]_i_2_n_0 |                5 |              7 |
|  clk_in_IBUF_BUFG | ICDIPTR[0][1][31]_i_1_n_0 | ICDIPTR[0][1][28]_i_1_n_0                                 |                4 |              7 |
|  clk_in_IBUF_BUFG | ICDIPTR_S[9][31]_i_1_n_0  | ICDIPTR[2][5][31]_i_2_n_0                                 |                7 |              7 |
|  clk_in_IBUF_BUFG | ICDIPTR_S[9][31]_i_1_n_0  | ICDIPTR[3][2][30]_i_3_n_0                                 |                6 |              7 |
|  clk_in_IBUF_BUFG | ICDIPTR_S[9][31]_i_1_n_0  | ICDIPTR[3][6][30]_i_3_n_0                                 |                6 |              7 |
|  clk_in_IBUF_BUFG | ICDIPTR[1][5][31]_i_1_n_0 |                                                           |                5 |              8 |
|  clk_in_IBUF_BUFG | ICDIPTR[1][4][31]_i_1_n_0 |                                                           |                4 |              8 |
|  clk_in_IBUF_BUFG | ICDIPTR[3][7][30]_i_1_n_0 |                                                           |                5 |              8 |
|  clk_in_IBUF_BUFG | ICDIPTR[3][1][30]_i_1_n_0 | ICDIPTR[3][1][31]_i_1_n_0                                 |                4 |              8 |
|  clk_in_IBUF_BUFG | ICDIPTR[2][7][31]_i_1_n_0 |                                                           |                5 |              8 |
|  clk_in_IBUF_BUFG | ICDIPTR[1][3][31]_i_1_n_0 | ICDIPTR[1][3][29]_i_1_n_0                                 |                5 |              8 |
|  clk_in_IBUF_BUFG | ICDIPTR_S[12][31]_i_1_n_0 | ICDIPTR[3][3][14]_i_2_n_0                                 |                7 |              8 |
|  clk_in_IBUF_BUFG | ICDIPTR[3][4][30]_i_1_n_0 |                                                           |                6 |              8 |
|  clk_in_IBUF_BUFG | ICDIPTR[3][3][30]_i_1_n_0 | ICDIPTR[3][3][31]_i_1_n_0                                 |                4 |              8 |
|  clk_in_IBUF_BUFG | ICDIPTR[1][1][31]_i_1_n_0 | ICDIPTR[1][1][29]_i_1_n_0                                 |                5 |              8 |
|  clk_in_IBUF_BUFG | ICDIPTR[1][2][31]_i_1_n_0 |                                                           |                3 |              8 |
|  clk_in_IBUF_BUFG | ICDIPTR[2][0][31]_i_1_n_0 | genblk2[1].genblk1[22].interrupt_states[1][22][1]_i_2_n_0 |                5 |              8 |
|  clk_in_IBUF_BUFG | ICCPMR[2][31]_i_1_n_0     | ICDIPTR[2][2][7]_i_1_n_0                                  |                2 |              8 |
|  clk_in_IBUF_BUFG | ICDIPTR[1][0][31]_i_1_n_0 | ICDIPTR[1][0][29]_i_1_n_0                                 |                3 |              8 |
|  clk_in_IBUF_BUFG | ICDIPTR_S[11][31]_i_1_n_0 | genblk2[2].genblk1[27].interrupt_states[2][27][1]_i_2_n_0 |                5 |              8 |
|  clk_in_IBUF_BUFG | ICDIPTR_S[9][31]_i_1_n_0  | genblk2[2].genblk1[27].interrupt_states[2][27][1]_i_2_n_0 |                4 |              8 |
|  clk_in_IBUF_BUFG | ICDIPTR[1][7][31]_i_1_n_0 |                                                           |                2 |              8 |
|  clk_in_IBUF_BUFG | ICDICFR[3][1][30]_i_1_n_0 | ICDICFR[3][1][29]_i_1_n_0                                 |                4 |              8 |
|  clk_in_IBUF_BUFG | ICDIPTR[1][6][31]_i_1_n_0 | ICDIPTR[1][6][29]_i_1_n_0                                 |                3 |              8 |
|  clk_in_IBUF_BUFG | ICDICFR[3][1][30]_i_1_n_0 |                                                           |                6 |              8 |
|  clk_in_IBUF_BUFG | ICDICFR[3][0][30]_i_1_n_0 | ICDICFR[3][0][29]_i_1_n_0                                 |                3 |              8 |
|  clk_in_IBUF_BUFG | ICDICFR[3][0][30]_i_1_n_0 |                                                           |                5 |              8 |
|  clk_in_IBUF_BUFG | ICDIPTR_S[10][31]_i_1_n_0 | genblk2[2].genblk1[27].interrupt_states[2][27][1]_i_2_n_0 |                7 |              8 |
|  clk_in_IBUF_BUFG | ICDIPTR_S[8][31]_i_1_n_0  | genblk2[2].genblk1[27].interrupt_states[2][27][1]_i_2_n_0 |                4 |              8 |
|  clk_in_IBUF_BUFG | ICDIPTR[3][2][30]_i_1_n_0 | ICDIPTR[3][2][31]_i_1_n_0                                 |                6 |              8 |
|  clk_in_IBUF_BUFG | ICDIPTR[3][6][30]_i_1_n_0 | ICDIPTR[3][6][31]_i_1_n_0                                 |                3 |              8 |
|  clk_in_IBUF_BUFG | ICDIPR[2][3][31]_i_1_n_0  |                                                           |                5 |              9 |
|  clk_in_IBUF_BUFG | ICDDCR[31]_i_1_n_0        | ICDIPTR[3][2][28]_i_2_n_0                                 |                5 |              9 |
|  clk_in_IBUF_BUFG | ICDIPR[0][4][28]_i_1_n_0  | ICDIPR[2][5][2]_i_2_n_0                                   |                4 |              9 |
|  clk_in_IBUF_BUFG | ICDIPTR[3][0][30]_i_1_n_0 | genblk2[1].genblk1[22].interrupt_states[1][22][1]_i_2_n_0 |                3 |              9 |
|  clk_in_IBUF_BUFG | ICDIPR[0][2][28]_i_1_n_0  | ICDIPR[2][5][2]_i_2_n_0                                   |                6 |              9 |
|  clk_in_IBUF_BUFG | ICDIPR[2][4][28]_i_1_n_0  | ICDIPR[2][4][28]_i_3_n_0                                  |                6 |             10 |
|  clk_in_IBUF_BUFG | ICDIPR[3][3][31]_i_1_n_0  | ICDIPR[2][5][2]_i_2_n_0                                   |                3 |             10 |
|  clk_in_IBUF_BUFG | ICDIPR[2][3][31]_i_1_n_0  | ICDIPR[2][5][2]_i_2_n_0                                   |                3 |             10 |
|  clk_in_IBUF_BUFG | ICDIPR[3][4][31]_i_1_n_0  | ICDIPR[2][5][2]_i_2_n_0                                   |                6 |             10 |
|  clk_in_IBUF_BUFG | ICDIPR[3][4][31]_i_1_n_0  | ICDIPR[3][4][23]_i_1_n_0                                  |                6 |             10 |
|  clk_in_IBUF_BUFG | ICDIPR[1][4][29]_i_1_n_0  | ICDIPR[2][4][28]_i_3_n_0                                  |                5 |             10 |
|  clk_in_IBUF_BUFG | ICDIPR[1][4][29]_i_1_n_0  | ICDIPR[1][4][23]_i_1_n_0                                  |                3 |             10 |
|  clk_in_IBUF_BUFG | ICDIPR[0][3][28]_i_1_n_0  | ICDIPR[2][5][2]_i_2_n_0                                   |                6 |             10 |
|  clk_in_IBUF_BUFG | ICDIPR[1][3][28]_i_1_n_0  | ICDIPR[2][5][2]_i_2_n_0                                   |                5 |             10 |
|  clk_in_IBUF_BUFG | ICDIPR[0][4][28]_i_1_n_0  | ICDIPR[0][4][23]_i_1_n_0                                  |                5 |             10 |
|  clk_in_IBUF_BUFG | ICDIPTR_S[14][31]_i_1_n_0 | ICDIPTR[2][2][7]_i_1_n_0                                  |                5 |             11 |
|  clk_in_IBUF_BUFG | ICDIPTR_S[13][31]_i_1_n_0 | ICDIPTR[2][2][7]_i_1_n_0                                  |                6 |             11 |
|  clk_in_IBUF_BUFG | ICDIPR_S[10][31]_i_1_n_0  | ICDIPR_S[10][23]_i_1_n_0                                  |                3 |             11 |
|  clk_in_IBUF_BUFG | ICDIPTR_S[15][31]_i_1_n_0 | ICDIPTR[2][2][7]_i_1_n_0                                  |                8 |             11 |
|  clk_in_IBUF_BUFG | ICDIPR_S[8][27]_i_1_n_0   | genblk2[2].genblk1[27].interrupt_states[2][27][1]_i_2_n_0 |                4 |             12 |
|  clk_in_IBUF_BUFG | ICDIPR[3][2][31]_i_1_n_0  | ICDIPR_S[13][29]_i_3_n_0                                  |                4 |             12 |
|  clk_in_IBUF_BUFG | ICDIPR[2][5][29]_i_1_n_0  | ICDIPR[2][4][28]_i_3_n_0                                  |                5 |             12 |
|  clk_in_IBUF_BUFG | ICDIPR_S[11][28]_i_1_n_0  | ICDIPR[2][5][2]_i_2_n_0                                   |                5 |             12 |
|  clk_in_IBUF_BUFG |                           | ICDIPTR[3][0][14]_i_2_n_0                                 |                9 |             12 |
|  clk_in_IBUF_BUFG | ICDIPR_S[8][27]_i_1_n_0   | ICDIPR_S[8][23]_i_1_n_0                                   |                7 |             12 |
|  clk_in_IBUF_BUFG | ICDIPR[1][5][29]_i_1_n_0  | ICDIPR[2][4][28]_i_3_n_0                                  |                5 |             13 |
|  clk_in_IBUF_BUFG | ICDIPR_S[14][29]_i_1_n_0  | genblk2[2].genblk1[27].interrupt_states[2][27][1]_i_2_n_0 |                7 |             13 |
|  clk_in_IBUF_BUFG | ICDIPR[1][2][28]_i_1_n_0  | ICDIPR[2][5][2]_i_2_n_0                                   |               10 |             13 |
|  clk_in_IBUF_BUFG | ICDIPR[2][3][31]_i_1_n_0  | ICDIPR[2][3][26]_i_1_n_0                                  |                7 |             13 |
|  clk_in_IBUF_BUFG | ICDIPR[2][2][28]_i_1_n_0  | ICDIPR[2][5][2]_i_2_n_0                                   |                6 |             13 |
|  clk_in_IBUF_BUFG | ICDIPR[3][2][31]_i_1_n_0  | ICDIPR[3][2][26]_i_1_n_0                                  |                4 |             13 |
|  clk_in_IBUF_BUFG | ICDIPR_S[9][27]_i_1_n_0   | ICDIPR_S[9][26]_i_1_n_0                                   |                6 |             13 |
|  clk_in_IBUF_BUFG | ICDIPR_S[15][29]_i_1_n_0  | genblk2[2].genblk1[27].interrupt_states[2][27][1]_i_2_n_0 |                5 |             13 |
|  clk_in_IBUF_BUFG | ICDIPR_S[11][28]_i_1_n_0  | ICDIPR_S[11][26]_i_1_n_0                                  |                4 |             13 |
|  clk_in_IBUF_BUFG | ICDIPR[3][5][29]_i_1_n_0  | ICDIPR[2][4][28]_i_3_n_0                                  |                7 |             13 |
|  clk_in_IBUF_BUFG |                           | ICDIPTR[2][5][30]_i_1_n_0                                 |               11 |             13 |
|  clk_in_IBUF_BUFG | ICDIPR[0][5][29]_i_1_n_0  | ICDIPR[2][5][2]_i_2_n_0                                   |                3 |             13 |
|  clk_in_IBUF_BUFG | ICDIPR[0][5][29]_i_1_n_0  | ICDIPR[0][5][28]_i_1_n_0                                  |                4 |             13 |
|  clk_in_IBUF_BUFG | ICDIPR_S[12][28]_i_1_n_0  | ICDIPR_S[12][29]_i_1_n_0                                  |                5 |             13 |
|  clk_in_IBUF_BUFG | ICDIPR[1][5][29]_i_1_n_0  | ICDIPR[1][5][28]_i_1_n_0                                  |                6 |             13 |
|  clk_in_IBUF_BUFG | ICDIPR_S[12][28]_i_1_n_0  | genblk2[2].genblk1[27].interrupt_states[2][27][1]_i_2_n_0 |                5 |             13 |
|  clk_in_IBUF_BUFG | ICDIPTR[1][6][31]_i_1_n_0 | ICDIPTR[3][0][14]_i_2_n_0                                 |                7 |             14 |
|  clk_in_IBUF_BUFG | ICDIPTR_S[12][31]_i_1_n_0 | ICDIPTR[2][5][31]_i_2_n_0                                 |               11 |             14 |
|  clk_in_IBUF_BUFG | ICDIPR[2][5][29]_i_1_n_0  | ICDIPR[2][5][31]_i_1_n_0                                  |                3 |             15 |
|  clk_in_IBUF_BUFG | ICDIPR_S[13][29]_i_1_n_0  | ICDIPR_S[13][31]_i_1_n_0                                  |                4 |             15 |
|  clk_in_IBUF_BUFG | ICDIPR[3][5][29]_i_1_n_0  | ICDIPR[3][5][31]_i_1_n_0                                  |                6 |             15 |
|  clk_in_IBUF_BUFG | ICDIPTR[1][7][31]_i_1_n_0 | ICDIPTR[2][5][31]_i_2_n_0                                 |                8 |             15 |
|  clk_in_IBUF_BUFG | ICDIPTR[2][7][31]_i_1_n_0 | ICDIPTR[2][5][31]_i_2_n_0                                 |                7 |             15 |
|  clk_in_IBUF_BUFG | ICDIPTR[3][6][30]_i_1_n_0 | ICDIPTR[3][0][14]_i_2_n_0                                 |                5 |             15 |
|  clk_in_IBUF_BUFG | ICDIPR[2][2][28]_i_1_n_0  | ICDIPR[2][2][31]_i_1_n_0                                  |                7 |             16 |
|  clk_in_IBUF_BUFG | ICDICFR[1][0][30]_i_1_n_0 |                                                           |                8 |             16 |
|  clk_in_IBUF_BUFG | ICDICFR[1][1][30]_i_1_n_0 |                                                           |               13 |             16 |
|  clk_in_IBUF_BUFG | ICDIPTR[3][7][30]_i_1_n_0 | ICDIPTR[2][5][31]_i_2_n_0                                 |                7 |             16 |
|  clk_in_IBUF_BUFG | ICDICFR[0][0][30]_i_1_n_0 |                                                           |                7 |             16 |
|  clk_in_IBUF_BUFG | ICDIPR[3][3][31]_i_1_n_0  | ICDIPR[3][3][26]_i_1_n_0                                  |                5 |             16 |
|  clk_in_IBUF_BUFG | ICDICFR_S[1][30]_i_1_n_0  |                                                           |                8 |             16 |
|  clk_in_IBUF_BUFG | ICDICFR_S[0][30]_i_1_n_0  |                                                           |               10 |             16 |
|  clk_in_IBUF_BUFG | ICDICFR[2][1][30]_i_1_n_0 | ICDICFR[2][1][31]_i_1_n_0                                 |                5 |             16 |
|  clk_in_IBUF_BUFG | ICDICFR[0][1][30]_i_1_n_0 |                                                           |               12 |             16 |
|  clk_in_IBUF_BUFG |                           | ICDIPTR[2][5][31]_i_2_n_0                                 |               11 |             16 |
|  clk_in_IBUF_BUFG | ICDICFR[2][0][30]_i_1_n_0 | ICDICFR[2][0][31]_i_1_n_0                                 |                8 |             16 |
|  clk_in_IBUF_BUFG | ICDIPR[2][4][28]_i_1_n_0  | ICDIPR[2][4][31]_i_1_n_0                                  |                8 |             17 |
|  clk_in_IBUF_BUFG | ICDIPR_S[13][29]_i_1_n_0  | ICDIPR_S[13][29]_i_3_n_0                                  |               10 |             17 |
|  clk_in_IBUF_BUFG | ICDIPR_S[14][29]_i_1_n_0  | ICDIPR_S[14][28]_i_1_n_0                                  |                4 |             17 |
|  clk_in_IBUF_BUFG | ICDIPR_S[10][31]_i_1_n_0  | ICDIPTR[3][3][14]_i_2_n_0                                 |                6 |             17 |
|  clk_in_IBUF_BUFG | ICDIPR_S[15][29]_i_1_n_0  | ICDIPR_S[15][31]_i_1_n_0                                  |                6 |             18 |
|  clk_in_IBUF_BUFG | ICDIPR[0][3][28]_i_1_n_0  | ICDIPR[0][3][31]_i_1_n_0                                  |                7 |             19 |
|  clk_in_IBUF_BUFG | ICDIPR[1][3][28]_i_1_n_0  | ICDIPR[1][3][31]_i_1_n_0                                  |                7 |             19 |
|  clk_in_IBUF_BUFG | ICDIPR[1][2][28]_i_1_n_0  | ICDIPR[1][2][31]_i_1_n_0                                  |               10 |             19 |
|  clk_in_IBUF_BUFG | ICDIPR[0][2][28]_i_1_n_0  | ICDIPR[0][2][31]_i_1_n_0                                  |                9 |             19 |
|  clk_in_IBUF_BUFG | ICDIPTR[1][5][31]_i_1_n_0 | ICDIPTR[2][5][30]_i_1_n_0                                 |               12 |             20 |
|  clk_in_IBUF_BUFG | ICDIPR[1][7][18]_i_1_n_0  | ICDIPR[1][7][30]_i_1_n_0                                  |                8 |             21 |
|  clk_in_IBUF_BUFG | ICDIPR[1][6][21]_i_1_n_0  | ICDIPR[1][6][30]_i_1_n_0                                  |                9 |             21 |
|  clk_in_IBUF_BUFG | ICDIPTR[3][5][30]_i_1_n_0 | ICDIPTR[2][5][30]_i_1_n_0                                 |               11 |             21 |
|  clk_in_IBUF_BUFG |                           | genblk2[2].genblk1[27].interrupt_states[2][27][1]_i_2_n_0 |               12 |             21 |
|  clk_in_IBUF_BUFG | ICDIPTR_S[8][31]_i_1_n_0  | ICDIPTR[3][3][14]_i_2_n_0                                 |               10 |             21 |
|  clk_in_IBUF_BUFG | ICDIPR[0][6][21]_i_1_n_0  | ICDIPR[0][6][31]_i_1_n_0                                  |                8 |             22 |
|  clk_in_IBUF_BUFG | ICDIPR[0][7][18]_i_1_n_0  | ICDIPR[0][7][31]_i_1_n_0                                  |                4 |             22 |
|  clk_in_IBUF_BUFG | ICDIPR[2][6][21]_i_1_n_0  | ICDIPR[2][6][31]_i_1_n_0                                  |               10 |             22 |
|  clk_in_IBUF_BUFG | ICDIPR[3][7][18]_i_1_n_0  | ICDIPR[3][7][31]_i_1_n_0                                  |               12 |             22 |
|  clk_in_IBUF_BUFG | ICDIPR[3][6][21]_i_1_n_0  | ICDIPR[3][6][31]_i_1_n_0                                  |               11 |             22 |
|  clk_in_IBUF_BUFG | ICDIPTR[2][6][31]_i_1_n_0 | ICDIPTR[3][0][14]_i_2_n_0                                 |               12 |             22 |
|  clk_in_IBUF_BUFG | ICDIPTR[0][6][31]_i_1_n_0 | ICDIPTR[3][0][14]_i_2_n_0                                 |               10 |             22 |
|  clk_in_IBUF_BUFG | ICDIPR[2][7][18]_i_1_n_0  | ICDIPR[2][7][31]_i_1_n_0                                  |                8 |             22 |
|  clk_in_IBUF_BUFG | ICDIPTR[0][7][31]_i_1_n_0 | ICDIPTR[2][5][31]_i_2_n_0                                 |               10 |             24 |
|  clk_in_IBUF_BUFG | ICDIPTR[0][5][31]_i_1_n_0 | ICDIPTR[2][5][30]_i_1_n_0                                 |               15 |             24 |
|  clk_in_IBUF_BUFG | ICDIPR[2][1][19]_i_1_n_0  | ICDIPR[2][1][31]_i_1_n_0                                  |                9 |             27 |
|  clk_in_IBUF_BUFG | ICDIPR[1][1][19]_i_1_n_0  | ICDIPR[1][1][31]_i_1_n_0                                  |               12 |             27 |
|  clk_in_IBUF_BUFG | ICDIPR[3][1][19]_i_1_n_0  | ICDIPR[3][1][31]_i_1_n_0                                  |               13 |             27 |
|  clk_in_IBUF_BUFG | ICDIPR[0][1][19]_i_1_n_0  | ICDIPR[0][1][31]_i_1_n_0                                  |               14 |             27 |
|  clk_in_IBUF_BUFG | ICDIPR[2][0][24]_i_1_n_0  | ICDIPR[2][0][31]_i_1_n_0                                  |                8 |             28 |
|  clk_in_IBUF_BUFG | ICDIPR[1][0][24]_i_1_n_0  | ICDIPR[1][0][31]_i_1_n_0                                  |                9 |             28 |
|  clk_in_IBUF_BUFG | ICDIPR[0][0][24]_i_1_n_0  | ICDIPR[0][0][31]_i_1_n_0                                  |               11 |             28 |
|  clk_in_IBUF_BUFG | ICDIPR[3][0][24]_i_1_n_0  | ICDIPR[3][0][31]_i_1_n_0                                  |               10 |             28 |
|  clk_in_IBUF_BUFG | ICDIPTR[2][5][31]_i_1_n_0 | ICDIPTR[2][5][30]_i_1_n_0                                 |               15 |             28 |
|  clk_in_IBUF_BUFG |                           | ICDIPR_S[13][29]_i_3_n_0                                  |               23 |             29 |
|  clk_in_IBUF_BUFG | ICCICR[31]_i_2_n_0        | ICCICR[31]_i_1_n_0                                        |               14 |             31 |
|  clk_in_IBUF_BUFG | ICDISER[1][31]_i_2_n_0    | ICDISER[1][31]_i_1_n_0                                    |               17 |             31 |
|  clk_in_IBUF_BUFG | ICDISER[0][31]_i_2_n_0    | ICDISER[0][31]_i_1_n_0                                    |               20 |             31 |
|  clk_in_IBUF_BUFG | ICDISER[2][31]_i_2_n_0    | ICDISER[2][31]_i_1_n_0                                    |               21 |             31 |
|  clk_in_IBUF_BUFG | ICDISER[3][31]_i_2_n_0    | ICDISER[3][31]_i_1_n_0                                    |               21 |             31 |
|  clk_in_IBUF_BUFG | ICDISER_S[31]_i_1_n_0     |                                                           |               25 |             31 |
|  clk_in_IBUF_BUFG | ICDICPR[1][31]_i_1_n_0    |                                                           |               10 |             32 |
|  clk_in_IBUF_BUFG | data_out[31]_i_1_n_0      |                                                           |               26 |             32 |
|  clk_in_IBUF_BUFG | ICDICPR[2][31]_i_1_n_0    |                                                           |               13 |             32 |
|  clk_in_IBUF_BUFG | ICDICPR[3][31]_i_1_n_0    |                                                           |                9 |             32 |
|  clk_in_IBUF_BUFG | ICDICPR_S[31]_i_1_n_0     |                                                           |               19 |             32 |
|  clk_in_IBUF_BUFG | ICCBPR[3][31]_i_1_n_0     |                                                           |               11 |             32 |
|  clk_in_IBUF_BUFG | ICCABPR[0][31]_i_1_n_0    |                                                           |               16 |             32 |
|  clk_in_IBUF_BUFG | ICCBPR[2][31]_i_1_n_0     |                                                           |               12 |             32 |
|  clk_in_IBUF_BUFG | ICCIIDR[2][31]_i_1_n_0    |                                                           |               14 |             32 |
|  clk_in_IBUF_BUFG | ICCABPR[1][31]_i_1_n_0    |                                                           |               15 |             32 |
|  clk_in_IBUF_BUFG | ICDICER[0][31]_i_1_n_0    |                                                           |               21 |             32 |
|  clk_in_IBUF_BUFG | ICCBPR[1][31]_i_1_n_0     |                                                           |               12 |             32 |
|  clk_in_IBUF_BUFG | ICCBPR[0][31]_i_1_n_0     |                                                           |               10 |             32 |
|  clk_in_IBUF_BUFG | ICDICER[1][31]_i_1_n_0    |                                                           |               21 |             32 |
|  clk_in_IBUF_BUFG | ICCABPR[3][31]_i_1_n_0    |                                                           |               17 |             32 |
|  clk_in_IBUF_BUFG | ICDICER[2][31]_i_1_n_0    |                                                           |               21 |             32 |
|  clk_in_IBUF_BUFG | ICCIIDR[3][31]_i_1_n_0    |                                                           |               12 |             32 |
|  clk_in_IBUF_BUFG | ICCIIDR[0][31]_i_1_n_0    |                                                           |               14 |             32 |
|  clk_in_IBUF_BUFG | ICDICER_S[31]_i_1_n_0     |                                                           |               21 |             32 |
|  clk_in_IBUF_BUFG | ICCABPR[2][31]_i_1_n_0    |                                                           |               14 |             32 |
|  clk_in_IBUF_BUFG | ICCIIDR[1][31]_i_1_n_0    |                                                           |               14 |             32 |
|  clk_in_IBUF_BUFG | ICDICPR[0][31]_i_1_n_0    |                                                           |               12 |             32 |
|  clk_in_IBUF_BUFG | ICDICER[3][31]_i_1_n_0    |                                                           |               21 |             32 |
|  clk_in_IBUF_BUFG | ICDISPR[0][31]_i_1_n_0    |                                                           |               18 |             32 |
|  clk_in_IBUF_BUFG | ICDISPR[1][31]_i_1_n_0    |                                                           |               14 |             32 |
|  clk_in_IBUF_BUFG | ICDISPR[2][31]_i_1_n_0    |                                                           |               15 |             32 |
|  clk_in_IBUF_BUFG | ICDISPR[3][31]_i_1_n_0    |                                                           |               22 |             32 |
|  clk_in_IBUF_BUFG | ICDISPR_S[31]_i_1_n_0     |                                                           |               16 |             32 |
|  clk_in_IBUF_BUFG |                           | ICDIPTR[3][3][14]_i_2_n_0                                 |               28 |             44 |
|  clk_in_IBUF_BUFG |                           | ICDIPTR[3][2][30]_i_3_n_0                                 |               34 |             46 |
|  clk_in_IBUF_BUFG |                           | genblk2[1].genblk1[22].interrupt_states[1][22][1]_i_2_n_0 |               36 |             49 |
|  clk_in_IBUF_BUFG |                           | ICDIPTR[3][6][30]_i_3_n_0                                 |               35 |             52 |
|  clk_in_IBUF_BUFG |                           | ICDIPR[2][4][28]_i_3_n_0                                  |               46 |             61 |
|  clk_in_IBUF_BUFG |                           |                                                           |              103 |            176 |
+-------------------+---------------------------+-----------------------------------------------------------+------------------+----------------+


